// Jest Snapshot v1, https://goo.gl/fbAQLP

exports[`컴포넌트가 기존이랑 바뀐게 없는지 비교해보자 - 스냅샷 테슷흐 1`] = `
<div>
  <div>
    아름이는 13살 입니다.
  </div>
  아름이의 취미 입력하기 : 
  <input
    type="text"
  />
  <button>
    아름이랑 놀러가기
  </button>
</div>
`;
